exports[`test snapshot 1`] = `
<a
  className="svQEm"
  href="https://akameco.github.io">
  <h1>
    Test
  </h1>
</a>
`;
