exports[`test snapshot 1`] = `
<div
  className="ySKiV" />
`;
